// Vitest Snapshot v1, https://vitest.dev/guide/snapshot.html

exports[`Vamos a Probar el Componente <FirstApptoTest/> > Vamos a Empezar Probando  1`] = `
<div>
  <h1>
    Titulo de Prueba
  </h1>
  <h2>
    Este es una propiedad de props de esta Funcional components: 
    Esto es un Ejemplo de Props Props Subtitle
  </h2>
  <h2>
    Este es el Valor Numerico con Operación con un Props: 
    862.5
  </h2>
  <h1>
    Hola este es mi nombre y es una variable: 
    TroncoMan
  </h1>
  <h2>
    Resultado de la Operación 2+2 =
    4
  </h2>
  <h3>
    Propiedades de un Elemento: 
    Alberto
  </h3>
  <h4>
    Este es el resultado de un array. Coloca elementos Independientes: 
    1
    2
    3
    4
    5
    6
    7
    8
    9
  </h4>
  <div>
    <p>
      Propiedades de un Objeto en el DOM:
    </p>
    <code>
       
      {"id":22,"name":"Alberto","age":23,"Alias":"Al"}
    </code>
  </div>
  <h2 />
  <ol>
    <b>
      Este es el Bastardo que he encontrado
    </b>
  </ol>
  <li>
    name: 
    <b>
      Spiderman
    </b>
  </li>
  <li>
    owner: 
    <b>
      Marvel
    </b>
  </li>
  <li>
    Este es el resultado de sumar dos Números: 
    <b>
      10
    </b>
  </li>
</div>
`;

exports[`Vamos a Probar el Componente <FirstApptoTest/> > Vamos a Empezar Probando que coincida el Contenido SnapShot  1`] = `
<div>
  <h1>
     
    Titulo de Prueba
     
  </h1>
  <h2>
    Este es una propiedad de props de esta Funcional components: 
    Esto es un Ejemplo de Props Props Subtitle
  </h2>
  <h2>
    Este es el Valor Numerico con Operación con un Props: 
    862.5
  </h2>
  <h1>
    Hola este es mi nombre y es una variable: 
    TroncoMan
  </h1>
  <h2>
    Resultado de la Operación 2+2 =
    4
  </h2>
  <h3>
    Propiedades de un Elemento: 
    Alberto
  </h3>
  <h4>
    Este es el resultado de un array. Coloca elementos Independientes: 
    1
    2
    3
    4
    5
    6
    7
    8
    9
  </h4>
  <div>
    <p>
      Propiedades de un Objeto en el DOM:
    </p>
    <code>
       
      {"id":22,"name":"Alberto","age":23,"Alias":"Al"}
    </code>
  </div>
  <h2 />
  <ol>
    <b>
      Este es el Bastardo que he encontrado
    </b>
  </ol>
  <li>
    name: 
    <b>
      Spiderman
    </b>
  </li>
  <li>
    owner: 
    <b>
      Marvel
    </b>
  </li>
  <li>
    Este es el resultado de sumar dos Números: 
    <b>
      10
    </b>
  </li>
</div>
`;
